Current directory: sub
Current directory: sub/sub
Current directory: sub
